MSBuild version 17.14.40+3e7442088 for .NET Framework

E:\lung tung\DuAnQuanLiTieuChuanQN\DuAn\BUL\B_QNlogin.cs(10,7): warning CS0105: The using directive for 'DuAn.DAO' appeared previously in this namespace [E:\lung tung\DuAnQuanLiTieuChuanQN\DuAn\DuAn.csproj]
E:\lung tung\DuAnQuanLiTieuChuanQN\DuAn\GUI\frmfornhvhc\frmLSQS.cs(13,7): warning CS0105: The using directive for 'DuAn.BUL' appeared previously in this namespace [E:\lung tung\DuAnQuanLiTieuChuanQN\DuAn\DuAn.csproj]
E:\lung tung\DuAnQuanLiTieuChuanQN\DuAn\GUI\frmfornhvhc\frmthongke_cb.cs(3,7): warning CS0105: The using directive for 'DuAn.DAO' appeared previously in this namespace [E:\lung tung\DuAnQuanLiTieuChuanQN\DuAn\DuAn.csproj]
E:\lung tung\DuAnQuanLiTieuChuanQN\DuAn\GUI\frmfornhvhc\frmthongke_cb.cs(5,7): warning CS0105: The using directive for 'DuAn.DTO' appeared previously in this namespace [E:\lung tung\DuAnQuanLiTieuChuanQN\DuAn\DuAn.csproj]
E:\lung tung\DuAnQuanLiTieuChuanQN\DuAn\GUI\frmlogin\frmmhlogin.cs(3,7): warning CS0105: The using directive for 'DuAn.GUI.frmfornhvhc' appeared previously in this namespace [E:\lung tung\DuAnQuanLiTieuChuanQN\DuAn\DuAn.csproj]
E:\lung tung\DuAnQuanLiTieuChuanQN\DuAn\GUI\frmlogin\frmmhlogin.cs(7,7): warning CS0105: The using directive for 'DuAn.GUI.frmquannhan' appeared previously in this namespace [E:\lung tung\DuAnQuanLiTieuChuanQN\DuAn\DuAn.csproj]
E:\lung tung\DuAnQuanLiTieuChuanQN\DuAn\GUI\frmquannhan\frmthongke_qn.cs(13,7): warning CS0105: The using directive for 'DuAn.DTO' appeared previously in this namespace [E:\lung tung\DuAnQuanLiTieuChuanQN\DuAn\DuAn.csproj]
E:\lung tung\DuAnQuanLiTieuChuanQN\DuAn\GUI\frmquannhan\frmtracuudlvathucdon.cs(2,7): warning CS0105: The using directive for 'DuAn.BUL' appeared previously in this namespace [E:\lung tung\DuAnQuanLiTieuChuanQN\DuAn\DuAn.csproj]
E:\lung tung\DuAnQuanLiTieuChuanQN\DuAn\GUI\frmquannhan\frmtracuudlvathucdon.cs(16,7): warning CS0105: The using directive for 'System.Globalization' appeared previously in this namespace [E:\lung tung\DuAnQuanLiTieuChuanQN\DuAn\DuAn.csproj]
E:\lung tung\DuAnQuanLiTieuChuanQN\DuAn\GUI\frmquannhan\frmtrangchu.cs(8,7): warning CS0105: The using directive for 'System' appeared previously in this namespace [E:\lung tung\DuAnQuanLiTieuChuanQN\DuAn\DuAn.csproj]
E:\lung tung\DuAnQuanLiTieuChuanQN\DuAn\GUI\frmquannhan\frmtrangchu.cs(9,7): warning CS0105: The using directive for 'System.Collections.Generic' appeared previously in this namespace [E:\lung tung\DuAnQuanLiTieuChuanQN\DuAn\DuAn.csproj]
E:\lung tung\DuAnQuanLiTieuChuanQN\DuAn\GUI\frmquannhan\frmtrangchu.cs(10,7): warning CS0105: The using directive for 'System.ComponentModel' appeared previously in this namespace [E:\lung tung\DuAnQuanLiTieuChuanQN\DuAn\DuAn.csproj]
E:\lung tung\DuAnQuanLiTieuChuanQN\DuAn\GUI\frmquannhan\frmtrangchu.cs(11,7): warning CS0105: The using directive for 'System.Data' appeared previously in this namespace [E:\lung tung\DuAnQuanLiTieuChuanQN\DuAn\DuAn.csproj]
E:\lung tung\DuAnQuanLiTieuChuanQN\DuAn\GUI\frmquannhan\frmtrangchu.cs(12,7): warning CS0105: The using directive for 'System.Drawing' appeared previously in this namespace [E:\lung tung\DuAnQuanLiTieuChuanQN\DuAn\DuAn.csproj]
E:\lung tung\DuAnQuanLiTieuChuanQN\DuAn\GUI\frmquannhan\frmtrangchu.cs(13,7): warning CS0105: The using directive for 'System.Linq' appeared previously in this namespace [E:\lung tung\DuAnQuanLiTieuChuanQN\DuAn\DuAn.csproj]
E:\lung tung\DuAnQuanLiTieuChuanQN\DuAn\Program.cs(10,7): warning CS0105: The using directive for 'DuAn.GUI.frmfornhvhc' appeared previously in this namespace [E:\lung tung\DuAnQuanLiTieuChuanQN\DuAn\DuAn.csproj]
  DuAn -> E:\lung tung\DuAnQuanLiTieuChuanQN\DuAn\bin\Debug\DuAn.exe
